<?xml version="1.0" encoding="UTF-8"?>
<module type="JAVA_MODULE" version="4">
  <component name="NewModuleRootManager" inherit-compiler-output="true">
    <content url="file://$MODULE_DIR$/../../buck-out/gen/modules/dep1/generate_java_file">
      <sourceFolder url="file://$MODULE_DIR$/../../buck-out/gen/modules/dep1/generate_java_file" isTestSource="false" packagePrefix="" />
    </content>
    <content url="file://$MODULE_DIR$">
      <sourceFolder url="file://$MODULE_DIR$" isTestSource="false" packagePrefix="modules.tip" />
    </content>
    <orderEntry type="sourceFolder" forTests="false" />
    <orderEntry type="jdk" jdkName="1.7" jdkType="JavaSDK" />
  </component>
</module>
