<?xml version="1.0" encoding="UTF-8"?>
<project version="4">
  <component name="FrameworkDetectionExcludesConfiguration" detection-enabled="false" />
  <component name="ProjectRootManager" version="2" languageLevel="JDK_1_8" assert-keyword="true" jdk-15="true" project-jdk-name="Android SDK Version 23" project-jdk-type="Android SDK"/>
</project>
