<?xml version="1.0" encoding="UTF-8"?>
<module type="JAVA_MODULE" version="4">
  <component name="FacetManager">
    <facet type="android" name="Android">
      <configuration>
        <option name="ENABLE_SOURCES_AUTOGENERATION" value="false" />
        <option name="GEN_FOLDER_RELATIVE_PATH_APT" value="/../../buck-out/android/apps/sample/gen" />
        <option name="GEN_FOLDER_RELATIVE_PATH_AIDL" value="/../../buck-out/android/apps/sample/gen" />
        <option name="MANIFEST_FILE_RELATIVE_PATH" value="/AndroidManifest.xml" />
        <option name="RES_FOLDER_RELATIVE_PATH" value="/res" />
        <option name="ASSETS_FOLDER_RELATIVE_PATH" value="/assets" />
        <option name="LIBS_FOLDER_RELATIVE_PATH" value="/libs" />
        <option name="USE_CUSTOM_APK_RESOURCE_FOLDER" value="false" />
        <option name="CUSTOM_APK_RESOURCE_FOLDER" value="" />
        <option name="USE_CUSTOM_COMPILER_MANIFEST" value="false" />
        <option name="CUSTOM_COMPILER_MANIFEST" value="" />
        <option name="APK_PATH" value="/../../buck-out/gen/apps/sample/app.apk" />
        <option name="LIBRARY_PROJECT" value="false" />
        <option name="RUN_PROCESS_RESOURCES_MAVEN_TASK" value="true" />
        <option name="GENERATE_UNSIGNED_APK" value="false" />
        <option name="CUSTOM_DEBUG_KEYSTORE_PATH" value="file://$MODULE_DIR$/../../keystores/debug.keystore" />
        <option name="PACK_TEST_CODE" value="false" />
        <option name="RUN_PROGUARD" value="false" />
        <option name="PROGUARD_CFG_PATH" value="/proguard.cfg" />
        <resOverlayFolders />
        <includeSystemProguardFile>false</includeSystemProguardFile>
        <includeAssetsFromLibraries>true</includeAssetsFromLibraries>
        <additionalNativeLibs />
      </configuration>
    </facet>
  </component>
  <component name="NewModuleRootManager" inherit-compiler-output="true">
    <content url="file://$MODULE_DIR$">
      <sourceFolder url="file://$MODULE_DIR$/gen" isTestSource="false" />
    </content>
    <content url="file://$MODULE_DIR$/../../buck-out/android/apps/sample/gen">
      <sourceFolder url="file://$MODULE_DIR$/../../buck-out/android/apps/sample/gen" isTestSource="false" />
    </content>
    <orderEntry type="sourceFolder" forTests="false" />
    <orderEntry type="module" module-name="module_java_com_sample_lib" />
    <orderEntry type="module" module-name="module_res_com_sample_base" />
    <orderEntry type="module" module-name="module_res_com_sample_title" />
    <orderEntry type="module" module-name="module_res_com_sample_top" />
    <orderEntry type="module" module-name="module_res_com_sample_asset_only" />
    <orderEntry type="inheritedJdk" />
  </component>
</module>
