<?xml version="1.0" encoding="UTF-8"?>
<project version="4">
  <component name="CompilerConfiguration">
    <option name="DEFAULT_COMPILER" value="Javac" />
    <excludeFromCompile>
      <directory url="file://$PROJECT_DIR$/buck-out/android" includeSubdirectories="true" />
      <directory url="file://$PROJECT_DIR$/buck-out/bin" includeSubdirectories="true" />
      <directory url="file://$PROJECT_DIR$/buck-out/gen" includeSubdirectories="true" />
      <file url="file://$PROJECT_DIR$/apps/sample/BUCK" />
      <directory url="file://$PROJECT_DIR$/apps/sample/gen" includeSubdirectories="true" />
      <file url="file://$PROJECT_DIR$/apps/sample/project.properties" />
      <file url="file://$PROJECT_DIR$/java/com/sample/lib/BUCK" />
      <directory url="file://$PROJECT_DIR$/java/com/sample/lib/gen" includeSubdirectories="true" />
      <file url="file://$PROJECT_DIR$/java/com/sample/lib/project.properties" />
      <file url="file://$PROJECT_DIR$/res/com/sample/asset_only/BUCK" />
      <directory url="file://$PROJECT_DIR$/res/com/sample/asset_only/gen" includeSubdirectories="true" />
      <file url="file://$PROJECT_DIR$/res/com/sample/asset_only/project.properties" />
      <file url="file://$PROJECT_DIR$/res/com/sample/base/BUCK" />
      <directory url="file://$PROJECT_DIR$/res/com/sample/base/gen" includeSubdirectories="true" />
      <file url="file://$PROJECT_DIR$/res/com/sample/base/project.properties" />
      <file url="file://$PROJECT_DIR$/res/com/sample/title/BUCK" />
      <directory url="file://$PROJECT_DIR$/res/com/sample/title/gen" includeSubdirectories="true" />
      <file url="file://$PROJECT_DIR$/res/com/sample/title/project.properties" />
      <file url="file://$PROJECT_DIR$/res/com/sample/top/BUCK" />
      <directory url="file://$PROJECT_DIR$/res/com/sample/top/gen" includeSubdirectories="true" />
      <file url="file://$PROJECT_DIR$/res/com/sample/top/project.properties" />
    </excludeFromCompile>
    <resourceExtensions />
    <wildcardResourcePatterns>
      <entry name="?*.dtd" />
      <entry name="?*.ftl" />
      <entry name="?*.gif" />
      <entry name="?*.html" />
      <entry name="?*.jpeg" />
      <entry name="?*.jpg" />
      <entry name="?*.png" />
      <entry name="?*.properties" />
      <entry name="?*.tld" />
      <entry name="?*.xml" />
      <entry name="?*.json" />
      <entry name="?*.txt" />
    </wildcardResourcePatterns>
  </component>
</project>
