<?xml version="1.0" encoding="UTF-8"?>
<module type="JAVA_MODULE" version="4">
  <component name="FacetManager">
    <facet type="android" name="Android">
      <configuration>
        <option name="GEN_FOLDER_RELATIVE_PATH_APT" value="/../../../buck-out/android/java/code/modules/gen" />
        <option name="GEN_FOLDER_RELATIVE_PATH_AIDL" value="/../../../buck-out/android/java/code/modules/gen" />
        <option name="MANIFEST_FILE_RELATIVE_PATH" value="/../../../android_res/AndroidManifest.xml" />
        <option name="RES_FOLDERS_RELATIVE_PATH" value="" />
        <option name="ASSETS_FOLDER_RELATIVE_PATH" value="/assets" />
        <option name="LIBS_FOLDER_RELATIVE_PATH" value="/libs" />
        <option name="APK_PATH" value="" />
        <option name="LIBRARY_PROJECT" value="true" />
        <option name="RUN_PROCESS_RESOURCES_MAVEN_TASK" value="true" />
        <option name="GENERATE_UNSIGNED_APK" value="false" />
        <option name="CUSTOM_DEBUG_KEYSTORE_PATH" value="" />
        <option name="PACK_TEST_CODE" value="false" />
        <option name="RUN_PROGUARD" value="false" />
        <option name="PROGUARD_CFG_PATH" value="" />
        <option name="ENABLE_SOURCES_AUTOGENERATION" value="true" />
        <resOverlayFolders />
        <includeSystemProguardFile>false</includeSystemProguardFile>
        <includeAssetsFromLibraries>true</includeAssetsFromLibraries>
        <additionalNativeLibs />
      </configuration>
    </facet>
  </component>
  <component name="NewModuleRootManager" inherit-compiler-output="true">
    <exclude-output />
    <content url="file://$MODULE_DIR$">
      <sourceFolder url="file://$MODULE_DIR$/dep1/src" isTestSource="false" />
      <sourceFolder url="file://$MODULE_DIR$/tip/src" isTestSource="false" />

    </content>
    <content url="file://$MODULE_DIR$/../../../buck-out/android/java/code/modules/gen">
      <sourceFolder url="file://$MODULE_DIR$/../../../buck-out/android/java/code/modules/gen" isTestSource="false" />
    </content>
    <orderEntry type="inheritedJdk" />
    <orderEntry type="sourceFolder" forTests="false" />
  </component>
</module>
