<?xml version="1.0" encoding="UTF-8"?>
<module type="JAVA_MODULE" version="4">
  <component name="NewModuleRootManager" inherit-compiler-output="true">
    <content url="file://$MODULE_DIR$">
      <sourceFolder url="file://$MODULE_DIR$" isTestSource="false" packagePrefix="tests" />
    </content>
    <orderEntry type="sourceFolder" forTests="false" />
    <orderEntry type="library" exported="" name="buck_out_gen_libs___junit___junit_jar" level="project" />
    <orderEntry type="module" module-name="module_modules_dep1" />
    <orderEntry type="jdk" jdkName="1.7" jdkType="JavaSDK" />
  </component>
</module>
