<?xml version="1.0" encoding="UTF-8"?>
<project version="4">
  <component name="ProjectModuleManager">
    <modules>
      <module fileurl="file://$PROJECT_DIR$/module_.iml" filepath="$PROJECT_DIR$/module_.iml" />
      <module fileurl="file://$PROJECT_DIR$/modules/module_modules_dep1.iml" filepath="$PROJECT_DIR$/modules/module_modules_dep1.iml" group="modules"/>
    </modules>
  </component>
</project>
