<?xml version="1.0" encoding="UTF-8"?>
<module type="JAVA_MODULE" version="4">
  <component name="NewModuleRootManager" inherit-compiler-output="true">
    <content url="file://$MODULE_DIR$">
      <excludeFolder url="file://$MODULE_DIR$/.buckd" />
      <excludeFolder url="file://$MODULE_DIR$/.idea" />
      <excludeFolder url="file://$MODULE_DIR$/buck-out/.trash" />
      <excludeFolder url="file://$MODULE_DIR$/buck-out/bin" />
      <excludeFolder url="file://$MODULE_DIR$/buck-out/cache" />
      <excludeFolder url="file://$MODULE_DIR$/buck-out/log" />
      <excludeFolder url="file://$MODULE_DIR$/buck-out/tmp" />
    </content>
    <orderEntry type="jdk" jdkName="1.7" jdkType="JavaSDK" />
  </component>
</module>
